<?xml version="1.0" encoding="UTF-8"?>
<testsuites name="jest tests" tests="2" failures="0" errors="0" time="2.01">
  <testsuite name="my-todos" errors="0" failures="0" skipped="2" timestamp="2022-03-25T18:35:42" time="1.016" tests="2">
    <testcase classname="my-todos should render the header text" name="my-todos should render the header text" time="0">
      <skipped/>
    </testcase>
    <testcase classname="my-todos todo management should create a new todo" name="my-todos todo management should create a new todo" time="0">
      <skipped/>
    </testcase>
  </testsuite>
</testsuites>